// Jest Snapshot v1, https://goo.gl/fbAQLP

exports[`<ResponseShow /> shows form and admin buttons if user has permissions and page is loaded 1`] = `
<Fragment>
  <WithStyles(ForwardRef(Card))>
    <WithStyles(ForwardRef(CardContent))
      dangerouslySetInnerHTML={
        Object {
          "__html": "Description",
        }
      }
    />
  </WithStyles(ForwardRef(Card))>
  <WithStyles(ForwardRef(Table))
    style={
      Object {
        "marginTop": 10,
        "maxWidth": 600,
      }
    }
  >
    <WithStyles(ForwardRef(TableBody))>
      <WithStyles(ForwardRef(TableRow))>
        <WithStyles(ForwardRef(TableCell))>
          Student
        </WithStyles(ForwardRef(TableCell))>
        <WithStyles(ForwardRef(TableCell))>
          Staff
        </WithStyles(ForwardRef(TableCell))>
      </WithStyles(ForwardRef(TableRow))>
      <WithStyles(ForwardRef(TableRow))>
        <WithStyles(ForwardRef(TableCell))>
          Submitted At
        </WithStyles(ForwardRef(TableCell))>
        <WithStyles(ForwardRef(TableCell))>
          01 Jan 2100, 12:00am
        </WithStyles(ForwardRef(TableCell))>
      </WithStyles(ForwardRef(TableRow))>
      <WithStyles(ForwardRef(TableRow))>
        <WithStyles(ForwardRef(TableCell))>
          Last Updated At
        </WithStyles(ForwardRef(TableCell))>
        <WithStyles(ForwardRef(TableCell))>
          13 Jan 2100, 12:00am
        </WithStyles(ForwardRef(TableCell))>
      </WithStyles(ForwardRef(TableRow))>
    </WithStyles(ForwardRef(TableBody))>
  </WithStyles(ForwardRef(Table))>
  <WithStyles(ForwardRef(ListSubheader))
    disableSticky={true}
  >
    <FormattedMessage
      defaultMessage="Questions"
      id="course.surveys.questions"
      values={Object {}}
    />
  </WithStyles(ForwardRef(ListSubheader))>
  <ReduxForm
    flags={
      Object {
        "canModify": true,
        "canSubmit": true,
        "canUnsubmit": true,
        "isLoading": false,
        "isResponseCreator": true,
      }
    }
    initialValues={Object {}}
    readOnly={true}
    response={
      Object {
        "creator_name": "Staff",
        "id": 2,
        "submitted_at": "2099-12-31T16:00:00.000Z",
        "updated_at": "2100-01-12T16:00:00.000Z",
      }
    }
  />
  <Connect(RespondButton)
    canModify={true}
    canSubmit={true}
    courseId="1"
    responseId={2}
    submittedAt="2099-12-31T16:00:00.000Z"
    surveyId={2}
  />
  <Connect(UnsubmitButton)
    responseId={2}
  />
</Fragment>
`;

exports[`<ResponseShow /> shows only title and loading indicator when loading 1`] = `
<Fragment>
  <LoadingIndicator />
</Fragment>
`;
