// Jest Snapshot v1, https://goo.gl/fbAQLP

exports[`<ResponseShow /> shows form and admin buttons if user has permissions and page is loaded 1`] = `
<Fragment>
  <ForwardRef(Card)>
    <ForwardRef(CardContent)
      dangerouslySetInnerHTML={
        Object {
          "__html": "Description",
        }
      }
    />
  </ForwardRef(Card)>
  <ForwardRef(Table)
    style={
      Object {
        "marginTop": 10,
        "maxWidth": 600,
      }
    }
  >
    <ForwardRef(TableBody)>
      <ForwardRef(TableRow)>
        <ForwardRef(TableCell)>
          Student
        </ForwardRef(TableCell)>
        <ForwardRef(TableCell)>
          Staff
        </ForwardRef(TableCell)>
      </ForwardRef(TableRow)>
      <ForwardRef(TableRow)>
        <ForwardRef(TableCell)>
          Submitted At
        </ForwardRef(TableCell)>
        <ForwardRef(TableCell)>
          01 Jan 2100, 12:00am
        </ForwardRef(TableCell)>
      </ForwardRef(TableRow)>
      <ForwardRef(TableRow)>
        <ForwardRef(TableCell)>
          Last Updated At
        </ForwardRef(TableCell)>
        <ForwardRef(TableCell)>
          13 Jan 2100, 12:00am
        </ForwardRef(TableCell)>
      </ForwardRef(TableRow)>
    </ForwardRef(TableBody)>
  </ForwardRef(Table)>
  <ForwardRef(ListSubheader)
    disableSticky={true}
  >
    <FormattedMessage
      defaultMessage="Questions"
      id="course.surveys.questions"
      values={Object {}}
    />
  </ForwardRef(ListSubheader)>
  <ReduxForm
    flags={
      Object {
        "canModify": true,
        "canSubmit": true,
        "canUnsubmit": true,
        "isLoading": false,
        "isResponseCreator": true,
      }
    }
    initialValues={Object {}}
    readOnly={true}
    response={
      Object {
        "creator_name": "Staff",
        "id": 2,
        "submitted_at": "2099-12-31T16:00:00.000Z",
        "updated_at": "2100-01-12T16:00:00.000Z",
      }
    }
  />
  <Connect(RespondButton)
    canModify={true}
    canSubmit={true}
    courseId="1"
    responseId={2}
    submittedAt="2099-12-31T16:00:00.000Z"
    surveyId={2}
  />
  <Connect(UnsubmitButton)
    responseId={2}
  />
</Fragment>
`;

exports[`<ResponseShow /> shows only title and loading indicator when loading 1`] = `
<Fragment>
  <LoadingIndicator />
</Fragment>
`;
