// Jest Snapshot v1, https://goo.gl/fbAQLP

exports[`<Material /> renders the material 1`] = `
<WithStyles(ListItem)
  button={true}
>
  <WithStyles(ListItemAvatar)>
    <WithStyles(Avatar)
      style={
        Object {
          "height": "32px",
          "width": "32px",
        }
      }
    >
      <pure(AssignmentIcon) />
    </WithStyles(Avatar)>
  </WithStyles(ListItemAvatar)>
  <WithStyles(ListItemText)
    primary="Uploaded Material"
    secondary={
      <div
        style={
          Object {
            "fontSize": 12,
          }
        }
      >
        01 Jan 2017, 4:00pm
      </div>
    }
  />
  <WithStyles(ListItemSecondaryAction)>
    <WithStyles(IconButton)
      onClick={[Function]}
      style={
        Object {
          "color": "black",
          "height": 24,
          "marginRight": 16,
          "padding": 4,
          "width": 24,
        }
      }
    >
      <pure(DeleteIcon)
        data-for="delete-file-button"
        data-tip={true}
        data-tip-disable={true}
      />
      <ReactTooltip
        clickable={false}
        id="delete-file-button"
        insecure={true}
        resizeHide={true}
        wrapper="div"
      >
        <FormattedMessage
          defaultMessage="This action is unavailable as the Materials Component is disabled in the Admin Settings"
          id="course.material.disableDelete"
          values={Object {}}
        />
      </ReactTooltip>
    </WithStyles(IconButton)>
  </WithStyles(ListItemSecondaryAction)>
</WithStyles(ListItem)>
`;

exports[`<MaterialList /> renders the component with materials 1`] = `
<Fragment>
  <WithStyles(Divider) />
  <WithStyles(List)>
    <WithStyles(ListSubheader)
      disableSticky={true}
    >
      <FormattedMessage
        defaultMessage="Files"
        id="course.assessment.MaterialList.uploadedFiles"
        values={Object {}}
      />
    </WithStyles(ListSubheader)>
    <Material
      deleting={false}
      disabled={true}
      id={1}
      key="1"
      name="Material 1"
      onMaterialDelete={[MockFunction]}
      updatedAt="2017-01-01T01:00:00.0000000Z"
    />
    <Material
      deleting={false}
      disabled={true}
      id={2}
      key="2"
      name="Material 2"
      onMaterialDelete={[MockFunction]}
      updatedAt="2017-01-01T02:00:00.0000000Z"
    />
    <div
      data-for="add-files-button"
      data-tip={true}
    >
      <WithStyles(Button)
        component="label"
        disabled={true}
        fullWidth={true}
        style={
          Object {
            "verticalAlign": "middle",
          }
        }
      >
        <pure(AddIcon) />
        Add Files
        <input
          disabled={true}
          multiple={true}
          style={
            Object {
              "bottom": 0,
              "cursor": "pointer",
              "left": 0,
              "opacity": 0,
              "position": "absolute",
              "right": 0,
              "top": 0,
            }
          }
          type="file"
        />
      </WithStyles(Button)>
    </div>
    <ReactTooltip
      clickable={false}
      id="add-files-button"
      insecure={true}
      resizeHide={true}
      wrapper="div"
    >
      <FormattedMessage
        defaultMessage="This action is unavailable as the Materials Component is disabled in the Admin Settings"
        id="course.material.disableNewFile"
        values={Object {}}
      />
    </ReactTooltip>
  </WithStyles(List)>
  <WithStyles(Divider) />
  <Memo(NotificationBar)
    autoHideDuration={5000}
  />
</Fragment>
`;
