// Jest Snapshot v1, https://goo.gl/fbAQLP

exports[`<DeleteButton /> when the delete button is rendered without confirmation dialog matches the snapshot 1`] = `
<body>
  <div>
    <span
      aria-label="Delete"
      class=""
      data-mui-internal-clone-element="true"
    >
      <button
        class="MuiButtonBase-root MuiIconButton-root MuiIconButton-colorError MuiIconButton-sizeMedium css-vi5acn-MuiButtonBase-root-MuiIconButton-root"
        data-testid="DeleteIconButton"
        tabindex="0"
        type="button"
      >
        <svg
          aria-hidden="true"
          class="MuiSvgIcon-root MuiSvgIcon-fontSizeMedium css-hgpioi-MuiSvgIcon-root"
          data-testid="DeleteIcon"
          focusable="false"
          viewBox="0 0 24 24"
        >
          <path
            d="M6 19c0 1.1.9 2 2 2h8c1.1 0 2-.9 2-2V7H6zM19 4h-3.5l-1-1h-5l-1 1H5v2h14z"
          />
        </svg>
        <span
          class="MuiTouchRipple-root css-8je8zh-MuiTouchRipple-root"
        />
      </button>
    </span>
    <div
      class="Toastify"
    />
  </div>
</body>
`;
