// Jest Snapshot v1, https://goo.gl/fbAQLP

exports[`<AdminMenu /> does not render button if user cannot edit or update 1`] = `
<Connect(injectIntl(AdminMenu))
  survey={
    Object {
      "canDelete": false,
      "canUpdate": false,
      "id": 2,
      "title": "Survey",
    }
  }
  surveyId="2"
>
  <injectIntl(AdminMenu)
    dispatch={[Function]}
    survey={
      Object {
        "canDelete": false,
        "canUpdate": false,
        "id": 2,
        "title": "Survey",
      }
    }
    surveyId="2"
  >
    <AdminMenu
      dispatch={[Function]}
      intl={
        Object {
          "defaultFormats": Object {},
          "defaultLocale": "en",
          "formatDate": [Function],
          "formatDateToParts": [Function],
          "formatDisplayName": [Function],
          "formatList": [Function],
          "formatMessage": [Function],
          "formatNumber": [Function],
          "formatNumberToParts": [Function],
          "formatPlural": [Function],
          "formatRelativeTime": [Function],
          "formatTime": [Function],
          "formatTimeToParts": [Function],
          "formats": Object {},
          "formatters": Object {
            "getDateTimeFormat": [Function],
            "getDisplayNames": [Function],
            "getListFormat": [Function],
            "getMessageFormat": [Function],
            "getNumberFormat": [Function],
            "getPluralRules": [Function],
            "getRelativeTimeFormat": [Function],
          },
          "locale": "en",
          "messages": Object {},
          "onError": [Function],
          "textComponent": Symbol(react.fragment),
          "timeZone": "Asia/Singapore",
          "wrapRichTextChunksInFragment": undefined,
        }
      }
      survey={
        Object {
          "canDelete": false,
          "canUpdate": false,
          "id": 2,
          "title": "Survey",
        }
      }
      surveyId="2"
    />
  </injectIntl(AdminMenu)>
</Connect(injectIntl(AdminMenu))>
`;
